MPLINK 5.09, LINKER
Linker Map File - Created Mon Aug 31 19:45:51 2020

                                 Section Info
                  Section       Type    Address   Location Size(Bytes)
                ---------  ---------  ---------  ---------  ---------
                   .org_0       code   0x000000    program   0x0000ca
                   .cinit    romdata   0x0000ca    program   0x000002
.config_300000_BUILD/DEFAULT/DEBUG/SEMAFORO_MIC    romdata   0x300000    program   0x000001
.config_300001_BUILD/DEFAULT/DEBUG/SEMAFORO_MIC    romdata   0x300001    program   0x000001
.config_300002_BUILD/DEFAULT/DEBUG/SEMAFORO_MIC    romdata   0x300002    program   0x000001
.config_300003_BUILD/DEFAULT/DEBUG/SEMAFORO_MIC    romdata   0x300003    program   0x000001
.config_300005_BUILD/DEFAULT/DEBUG/SEMAFORO_MIC    romdata   0x300005    program   0x000001
.config_300006_BUILD/DEFAULT/DEBUG/SEMAFORO_MIC    romdata   0x300006    program   0x000001
.config_300008_BUILD/DEFAULT/DEBUG/SEMAFORO_MIC    romdata   0x300008    program   0x000001
.config_300009_BUILD/DEFAULT/DEBUG/SEMAFORO_MIC    romdata   0x300009    program   0x000001
.config_30000A_BUILD/DEFAULT/DEBUG/SEMAFORO_MIC    romdata   0x30000a    program   0x000001
.config_30000B_BUILD/DEFAULT/DEBUG/SEMAFORO_MIC    romdata   0x30000b    program   0x000001
.config_30000C_BUILD/DEFAULT/DEBUG/SEMAFORO_MIC    romdata   0x30000c    program   0x000001
.config_30000D_BUILD/DEFAULT/DEBUG/SEMAFORO_MIC    romdata   0x30000d    program   0x000001



                              Program Memory Usage 
                               Start         End      
                           ---------   ---------      
                            0x000000    0x0000cb      
                            0x300000    0x300003      
                            0x300005    0x300006      
                            0x300008    0x30000d      
            216 out of 33048 program addresses used, program memory utilization is 0%



                              Symbols - Sorted by Name
                     Name    Address   Location    Storage File                     
                ---------  ---------  ---------  --------- ---------                
                    BOTON   0x000076    program     static C:\Users\riky_\OneDrive - Instituto Tecnologico y de Estudios Superiores de Monterrey\Documents\Quinto Semestre\Microcontroladores\Practicas\Semaforo\Semaforo.X\semaforo_microcontrolador.asm
                   BOTON1   0x00007c    program     static C:\Users\riky_\OneDrive - Instituto Tecnologico y de Estudios Superiores de Monterrey\Documents\Quinto Semestre\Microcontroladores\Practicas\Semaforo\Semaforo.X\semaforo_microcontrolador.asm
                   BOTON2   0x000084    program     static C:\Users\riky_\OneDrive - Instituto Tecnologico y de Estudios Superiores de Monterrey\Documents\Quinto Semestre\Microcontroladores\Practicas\Semaforo\Semaforo.X\semaforo_microcontrolador.asm
       DECREMENTOAMARILLO   0x0000a6    program     static C:\Users\riky_\OneDrive - Instituto Tecnologico y de Estudios Superiores de Monterrey\Documents\Quinto Semestre\Microcontroladores\Practicas\Semaforo\Semaforo.X\semaforo_microcontrolador.asm
           DECREMENTOROJO   0x0000b8    program     static C:\Users\riky_\OneDrive - Instituto Tecnologico y de Estudios Superiores de Monterrey\Documents\Quinto Semestre\Microcontroladores\Practicas\Semaforo\Semaforo.X\semaforo_microcontrolador.asm
          DECREMENTOVERDE   0x000090    program     static C:\Users\riky_\OneDrive - Instituto Tecnologico y de Estudios Superiores de Monterrey\Documents\Quinto Semestre\Microcontroladores\Practicas\Semaforo\Semaforo.X\semaforo_microcontrolador.asm
              GUARDAVERDE   0x000096    program     static C:\Users\riky_\OneDrive - Instituto Tecnologico y de Estudios Superiores de Monterrey\Documents\Quinto Semestre\Microcontroladores\Practicas\Semaforo\Semaforo.X\semaforo_microcontrolador.asm
               INITIALIZE   0x000004    program     static C:\Users\riky_\OneDrive - Instituto Tecnologico y de Estudios Superiores de Monterrey\Documents\Quinto Semestre\Microcontroladores\Practicas\Semaforo\Semaforo.X\semaforo_microcontrolador.asm
                     MAIN   0x000024    program     static C:\Users\riky_\OneDrive - Instituto Tecnologico y de Estudios Superiores de Monterrey\Documents\Quinto Semestre\Microcontroladores\Practicas\Semaforo\Semaforo.X\semaforo_microcontrolador.asm
                 PARPADEO   0x00003a    program     static C:\Users\riky_\OneDrive - Instituto Tecnologico y de Estudios Superiores de Monterrey\Documents\Quinto Semestre\Microcontroladores\Practicas\Semaforo\Semaforo.X\semaforo_microcontrolador.asm
          PARPADEOAPAGADO   0x000052    program     static C:\Users\riky_\OneDrive - Instituto Tecnologico y de Estudios Superiores de Monterrey\Documents\Quinto Semestre\Microcontroladores\Practicas\Semaforo\Semaforo.X\semaforo_microcontrolador.asm
         PARPADEOPRENDIDO   0x000046    program     static C:\Users\riky_\OneDrive - Instituto Tecnologico y de Estudios Superiores de Monterrey\Documents\Quinto Semestre\Microcontroladores\Practicas\Semaforo\Semaforo.X\semaforo_microcontrolador.asm
         SEMAFOROAMARILLO   0x00005e    program     static C:\Users\riky_\OneDrive - Instituto Tecnologico y de Estudios Superiores de Monterrey\Documents\Quinto Semestre\Microcontroladores\Practicas\Semaforo\Semaforo.X\semaforo_microcontrolador.asm
             SEMAFOROROJO   0x00006a    program     static C:\Users\riky_\OneDrive - Instituto Tecnologico y de Estudios Superiores de Monterrey\Documents\Quinto Semestre\Microcontroladores\Practicas\Semaforo\Semaforo.X\semaforo_microcontrolador.asm
            SEMAFOROVERDE   0x000028    program     static C:\Users\riky_\OneDrive - Instituto Tecnologico y de Estudios Superiores de Monterrey\Documents\Quinto Semestre\Microcontroladores\Practicas\Semaforo\Semaforo.X\semaforo_microcontrolador.asm



                              Symbols - Sorted by Address
                     Name    Address   Location    Storage File                     
                ---------  ---------  ---------  --------- ---------                
               INITIALIZE   0x000004    program     static C:\Users\riky_\OneDrive - Instituto Tecnologico y de Estudios Superiores de Monterrey\Documents\Quinto Semestre\Microcontroladores\Practicas\Semaforo\Semaforo.X\semaforo_microcontrolador.asm
                     MAIN   0x000024    program     static C:\Users\riky_\OneDrive - Instituto Tecnologico y de Estudios Superiores de Monterrey\Documents\Quinto Semestre\Microcontroladores\Practicas\Semaforo\Semaforo.X\semaforo_microcontrolador.asm
            SEMAFOROVERDE   0x000028    program     static C:\Users\riky_\OneDrive - Instituto Tecnologico y de Estudios Superiores de Monterrey\Documents\Quinto Semestre\Microcontroladores\Practicas\Semaforo\Semaforo.X\semaforo_microcontrolador.asm
                 PARPADEO   0x00003a    program     static C:\Users\riky_\OneDrive - Instituto Tecnologico y de Estudios Superiores de Monterrey\Documents\Quinto Semestre\Microcontroladores\Practicas\Semaforo\Semaforo.X\semaforo_microcontrolador.asm
         PARPADEOPRENDIDO   0x000046    program     static C:\Users\riky_\OneDrive - Instituto Tecnologico y de Estudios Superiores de Monterrey\Documents\Quinto Semestre\Microcontroladores\Practicas\Semaforo\Semaforo.X\semaforo_microcontrolador.asm
          PARPADEOAPAGADO   0x000052    program     static C:\Users\riky_\OneDrive - Instituto Tecnologico y de Estudios Superiores de Monterrey\Documents\Quinto Semestre\Microcontroladores\Practicas\Semaforo\Semaforo.X\semaforo_microcontrolador.asm
         SEMAFOROAMARILLO   0x00005e    program     static C:\Users\riky_\OneDrive - Instituto Tecnologico y de Estudios Superiores de Monterrey\Documents\Quinto Semestre\Microcontroladores\Practicas\Semaforo\Semaforo.X\semaforo_microcontrolador.asm
             SEMAFOROROJO   0x00006a    program     static C:\Users\riky_\OneDrive - Instituto Tecnologico y de Estudios Superiores de Monterrey\Documents\Quinto Semestre\Microcontroladores\Practicas\Semaforo\Semaforo.X\semaforo_microcontrolador.asm
                    BOTON   0x000076    program     static C:\Users\riky_\OneDrive - Instituto Tecnologico y de Estudios Superiores de Monterrey\Documents\Quinto Semestre\Microcontroladores\Practicas\Semaforo\Semaforo.X\semaforo_microcontrolador.asm
                   BOTON1   0x00007c    program     static C:\Users\riky_\OneDrive - Instituto Tecnologico y de Estudios Superiores de Monterrey\Documents\Quinto Semestre\Microcontroladores\Practicas\Semaforo\Semaforo.X\semaforo_microcontrolador.asm
                   BOTON2   0x000084    program     static C:\Users\riky_\OneDrive - Instituto Tecnologico y de Estudios Superiores de Monterrey\Documents\Quinto Semestre\Microcontroladores\Practicas\Semaforo\Semaforo.X\semaforo_microcontrolador.asm
          DECREMENTOVERDE   0x000090    program     static C:\Users\riky_\OneDrive - Instituto Tecnologico y de Estudios Superiores de Monterrey\Documents\Quinto Semestre\Microcontroladores\Practicas\Semaforo\Semaforo.X\semaforo_microcontrolador.asm
              GUARDAVERDE   0x000096    program     static C:\Users\riky_\OneDrive - Instituto Tecnologico y de Estudios Superiores de Monterrey\Documents\Quinto Semestre\Microcontroladores\Practicas\Semaforo\Semaforo.X\semaforo_microcontrolador.asm
       DECREMENTOAMARILLO   0x0000a6    program     static C:\Users\riky_\OneDrive - Instituto Tecnologico y de Estudios Superiores de Monterrey\Documents\Quinto Semestre\Microcontroladores\Practicas\Semaforo\Semaforo.X\semaforo_microcontrolador.asm
           DECREMENTOROJO   0x0000b8    program     static C:\Users\riky_\OneDrive - Instituto Tecnologico y de Estudios Superiores de Monterrey\Documents\Quinto Semestre\Microcontroladores\Practicas\Semaforo\Semaforo.X\semaforo_microcontrolador.asm


