MPLINK 5.09, LINKER
Linker Map File - Created Sun Aug 30 23:27:57 2020

                                 Section Info
                  Section       Type    Address   Location Size(Bytes)
                ---------  ---------  ---------  ---------  ---------
                   .org_0       code   0x000000    program   0x0000ca
                   .cinit    romdata   0x0000ca    program   0x000002
.config_300000_BUILD/DEFAULT/DEBUG/SEMAFORO_MIC    romdata   0x300000    program   0x000001
.config_300001_BUILD/DEFAULT/DEBUG/SEMAFORO_MIC    romdata   0x300001    program   0x000001
.config_300002_BUILD/DEFAULT/DEBUG/SEMAFORO_MIC    romdata   0x300002    program   0x000001
.config_300003_BUILD/DEFAULT/DEBUG/SEMAFORO_MIC    romdata   0x300003    program   0x000001
.config_300005_BUILD/DEFAULT/DEBUG/SEMAFORO_MIC    romdata   0x300005    program   0x000001
.config_300006_BUILD/DEFAULT/DEBUG/SEMAFORO_MIC    romdata   0x300006    program   0x000001
.config_300008_BUILD/DEFAULT/DEBUG/SEMAFORO_MIC    romdata   0x300008    program   0x000001
.config_300009_BUILD/DEFAULT/DEBUG/SEMAFORO_MIC    romdata   0x300009    program   0x000001
.config_30000A_BUILD/DEFAULT/DEBUG/SEMAFORO_MIC    romdata   0x30000a    program   0x000001
.config_30000B_BUILD/DEFAULT/DEBUG/SEMAFORO_MIC    romdata   0x30000b    program   0x000001
.config_30000C_BUILD/DEFAULT/DEBUG/SEMAFORO_MIC    romdata   0x30000c    program   0x000001
.config_30000D_BUILD/DEFAULT/DEBUG/SEMAFORO_MIC    romdata   0x30000d    program   0x000001



                              Program Memory Usage 
                               Start         End      
                           ---------   ---------      
                            0x000000    0x0000cb      
                            0x300000    0x300003      
                            0x300005    0x300006      
                            0x300008    0x30000d      
            216 out of 33048 program addresses used, program memory utilization is 0%



                              Symbols - Sorted by Name
                     Name    Address   Location    Storage File                     
                ---------  ---------  ---------  --------- ---------                
                    BLINK   0x000074    program     static C:\Users\riky_\OneDrive - Instituto Tecnologico y de Estudios Superiores de Monterrey\Documents\Quinto Semestre\Microcontroladores\Semaforo.X\semaforo_microcontrolador.asm
                 BLINKOFF   0x00008c    program     static C:\Users\riky_\OneDrive - Instituto Tecnologico y de Estudios Superiores de Monterrey\Documents\Quinto Semestre\Microcontroladores\Semaforo.X\semaforo_microcontrolador.asm
                  BLINKON   0x000080    program     static C:\Users\riky_\OneDrive - Instituto Tecnologico y de Estudios Superiores de Monterrey\Documents\Quinto Semestre\Microcontroladores\Semaforo.X\semaforo_microcontrolador.asm
                   BUTTON   0x0000b0    program     static C:\Users\riky_\OneDrive - Instituto Tecnologico y de Estudios Superiores de Monterrey\Documents\Quinto Semestre\Microcontroladores\Semaforo.X\semaforo_microcontrolador.asm
                  BUTTONG   0x0000b6    program     static C:\Users\riky_\OneDrive - Instituto Tecnologico y de Estudios Superiores de Monterrey\Documents\Quinto Semestre\Microcontroladores\Semaforo.X\semaforo_microcontrolador.asm
                 BUTTONG2   0x0000be    program     static C:\Users\riky_\OneDrive - Instituto Tecnologico y de Estudios Superiores de Monterrey\Documents\Quinto Semestre\Microcontroladores\Semaforo.X\semaforo_microcontrolador.asm
                    GREEN   0x000062    program     static C:\Users\riky_\OneDrive - Instituto Tecnologico y de Estudios Superiores de Monterrey\Documents\Quinto Semestre\Microcontroladores\Semaforo.X\semaforo_microcontrolador.asm
                   GREENB   0x00002e    program     static C:\Users\riky_\OneDrive - Instituto Tecnologico y de Estudios Superiores de Monterrey\Documents\Quinto Semestre\Microcontroladores\Semaforo.X\semaforo_microcontrolador.asm
                   GREEND   0x000028    program     static C:\Users\riky_\OneDrive - Instituto Tecnologico y de Estudios Superiores de Monterrey\Documents\Quinto Semestre\Microcontroladores\Semaforo.X\semaforo_microcontrolador.asm
               INITIALIZE   0x000004    program     static C:\Users\riky_\OneDrive - Instituto Tecnologico y de Estudios Superiores de Monterrey\Documents\Quinto Semestre\Microcontroladores\Semaforo.X\semaforo_microcontrolador.asm
                     MAIN   0x000024    program     static C:\Users\riky_\OneDrive - Instituto Tecnologico y de Estudios Superiores de Monterrey\Documents\Quinto Semestre\Microcontroladores\Semaforo.X\semaforo_microcontrolador.asm
                      RED   0x0000a4    program     static C:\Users\riky_\OneDrive - Instituto Tecnologico y de Estudios Superiores de Monterrey\Documents\Quinto Semestre\Microcontroladores\Semaforo.X\semaforo_microcontrolador.asm
                     REDD   0x000050    program     static C:\Users\riky_\OneDrive - Instituto Tecnologico y de Estudios Superiores de Monterrey\Documents\Quinto Semestre\Microcontroladores\Semaforo.X\semaforo_microcontrolador.asm
                   YELLOW   0x000098    program     static C:\Users\riky_\OneDrive - Instituto Tecnologico y de Estudios Superiores de Monterrey\Documents\Quinto Semestre\Microcontroladores\Semaforo.X\semaforo_microcontrolador.asm
                  YELLOWD   0x00003e    program     static C:\Users\riky_\OneDrive - Instituto Tecnologico y de Estudios Superiores de Monterrey\Documents\Quinto Semestre\Microcontroladores\Semaforo.X\semaforo_microcontrolador.asm



                              Symbols - Sorted by Address
                     Name    Address   Location    Storage File                     
                ---------  ---------  ---------  --------- ---------                
               INITIALIZE   0x000004    program     static C:\Users\riky_\OneDrive - Instituto Tecnologico y de Estudios Superiores de Monterrey\Documents\Quinto Semestre\Microcontroladores\Semaforo.X\semaforo_microcontrolador.asm
                     MAIN   0x000024    program     static C:\Users\riky_\OneDrive - Instituto Tecnologico y de Estudios Superiores de Monterrey\Documents\Quinto Semestre\Microcontroladores\Semaforo.X\semaforo_microcontrolador.asm
                   GREEND   0x000028    program     static C:\Users\riky_\OneDrive - Instituto Tecnologico y de Estudios Superiores de Monterrey\Documents\Quinto Semestre\Microcontroladores\Semaforo.X\semaforo_microcontrolador.asm
                   GREENB   0x00002e    program     static C:\Users\riky_\OneDrive - Instituto Tecnologico y de Estudios Superiores de Monterrey\Documents\Quinto Semestre\Microcontroladores\Semaforo.X\semaforo_microcontrolador.asm
                  YELLOWD   0x00003e    program     static C:\Users\riky_\OneDrive - Instituto Tecnologico y de Estudios Superiores de Monterrey\Documents\Quinto Semestre\Microcontroladores\Semaforo.X\semaforo_microcontrolador.asm
                     REDD   0x000050    program     static C:\Users\riky_\OneDrive - Instituto Tecnologico y de Estudios Superiores de Monterrey\Documents\Quinto Semestre\Microcontroladores\Semaforo.X\semaforo_microcontrolador.asm
                    GREEN   0x000062    program     static C:\Users\riky_\OneDrive - Instituto Tecnologico y de Estudios Superiores de Monterrey\Documents\Quinto Semestre\Microcontroladores\Semaforo.X\semaforo_microcontrolador.asm
                    BLINK   0x000074    program     static C:\Users\riky_\OneDrive - Instituto Tecnologico y de Estudios Superiores de Monterrey\Documents\Quinto Semestre\Microcontroladores\Semaforo.X\semaforo_microcontrolador.asm
                  BLINKON   0x000080    program     static C:\Users\riky_\OneDrive - Instituto Tecnologico y de Estudios Superiores de Monterrey\Documents\Quinto Semestre\Microcontroladores\Semaforo.X\semaforo_microcontrolador.asm
                 BLINKOFF   0x00008c    program     static C:\Users\riky_\OneDrive - Instituto Tecnologico y de Estudios Superiores de Monterrey\Documents\Quinto Semestre\Microcontroladores\Semaforo.X\semaforo_microcontrolador.asm
                   YELLOW   0x000098    program     static C:\Users\riky_\OneDrive - Instituto Tecnologico y de Estudios Superiores de Monterrey\Documents\Quinto Semestre\Microcontroladores\Semaforo.X\semaforo_microcontrolador.asm
                      RED   0x0000a4    program     static C:\Users\riky_\OneDrive - Instituto Tecnologico y de Estudios Superiores de Monterrey\Documents\Quinto Semestre\Microcontroladores\Semaforo.X\semaforo_microcontrolador.asm
                   BUTTON   0x0000b0    program     static C:\Users\riky_\OneDrive - Instituto Tecnologico y de Estudios Superiores de Monterrey\Documents\Quinto Semestre\Microcontroladores\Semaforo.X\semaforo_microcontrolador.asm
                  BUTTONG   0x0000b6    program     static C:\Users\riky_\OneDrive - Instituto Tecnologico y de Estudios Superiores de Monterrey\Documents\Quinto Semestre\Microcontroladores\Semaforo.X\semaforo_microcontrolador.asm
                 BUTTONG2   0x0000be    program     static C:\Users\riky_\OneDrive - Instituto Tecnologico y de Estudios Superiores de Monterrey\Documents\Quinto Semestre\Microcontroladores\Semaforo.X\semaforo_microcontrolador.asm


