Microchip MPLAB XC8 Compiler V2.30

Linker command line:

-W-3 --edf=C:\Program Files\Microchip\xc8\v2.30\pic\dat\en_msgs.txt -cn \
  -h+dist/default/production\Proyecto1.X.production.sym \
  --cmf=dist/default/production\Proyecto1.X.production.cmf -z -Q18F45K50 \
  -oC:\Users\riky_\AppData\Local\Temp\so5ox2 --defsym=__MPLAB_BUILD=1 \
  -Mdist/default/production/Proyecto1.X.production.map -E1 \
  -ver=XC8 Compiler --acfsm=1493 -ASTACK=060h-07FFh -pstack=STACK \
  -ACODE=00h-07FFFh -ACONST=00h-07FFFh -ASMALLCONST=0800h-08FFhx120 \
  -AMEDIUMCONST=0800h-07FFFh -ACOMRAM=01h-05Fh -AABS1=00h-07FFh \
  -ABIGRAM=01h-07FFh -ARAM=060h-0FFh,0100h-01FFhx7 -ABANK0=060h-0FFh \
  -ABANK1=0100h-01FFh -ABANK2=0200h-02FFh -ABANK3=0300h-03FFh \
  -ABANK4=0400h-04FFh -ABANK5=0500h-05FFh -ABANK6=0600h-06FFh \
  -ABANK7=0700h-07FFh -ASFR=0F53h-0F5Fh,0F60h-0FFFh \
  -ACONFIG=0300000h-030000Dh -AIDLOC=0200000h-0200007h \
  -AEEDATA=0F00000h-0F000FFh -peeprom_data=EEDATA \
  -preset_vec=00h,intcode=08h,intcodelo,powerup,init -pramtop=0800h \
  -psmallconst=SMALLCONST -pmediumconst=MEDIUMCONST -pconst=CONST \
  -AFARRAM=00h-00h \
  -prdata=COMRAM,nvrram=COMRAM,nvbit=COMRAM,rbss=COMRAM,rbit=COMRAM \
  -pfarbss=FARRAM,fardata=FARRAM,nvFARRAM=FARRAM \
  -pintsave_regs=BIGRAM,bigbss=BIGRAM,bigdata=BIGRAM -pbss=RAM \
  -pidata=CODE,irdata=CODE,ibigdata=CODE,ifardata=CODE -prparam=COMRAM \
  C:\Users\riky_\AppData\Local\Temp\so5ox8.o \
  dist/default/production\Proyecto1.X.production.o 

Object code version is 3.11

Machine type is 18F45K50



                Name                               Link     Load   Length Selector   Space Scale
C:\Users\riky_\AppData\Local\Temp\so5ox8.o
                idloc                            200000   200000        8        0       5
                config                           300000   300000        E        0       4
                init                                 8A       8A        4        4       0
                reset_vec                             0        0        4        0       0
dist/default/production\Proyecto1.X.production.o
                intcode                               8        8       82        4       0
                idloc                            200000   200000        8        0       5
                config                           300000   300000        E        0       4
                temp                                 16       16        1        1       1
                smallconst                          800      800       12      400       0
                text20                              CE6      CE6       1A      409       0
                text19                              C34      C34       2E      409       0
                text18                              D56      D56        8      409       0
                text17                              CCC      CCC       1A      409       0
                text16                              C06      C06       2E      409       0
                text15                              D4E      D4E        8      409       0
                text14                              CB2      CB2       1A      409       0
                text13                              BD8      BD8       2E      409       0
                text12                              D46      D46        8      409       0
                text10                              D3C      D3C        A      409       0
                text9                               D32      D32        A      409       0
                text8                               D28      D28        A      409       0
                text7                               BA0      BA0       38      409       0
                text6                               D5E      D5E        4      409       0
                text5                               D16      D16       12      409       0
                text4                               B5C      B5C       44      409       0
                text3                               C8A      C8A       28      409       0
                text2                               D00      D00       16      409       0
                text1                               A9A      A9A       C2      409       0
                text0                               812      812      288      409       0
                cstackCOMRAM                          9        9        8        1       1
                dataCOMRAM                           15       15        1        1       1
                bssCOMRAM                            11       11        4        1       1
                cinit                               C62      C62       28      409       0
                nvCOMRAM                              1        1        8        1       1
                idataCOMRAM                         D62      D62        1      409       0

TOTAL           Name                               Link     Load   Length     Space
        CLASS   STACK          

        CLASS   CODE           
                intcode                               8        8       82         0
                init                                 8A       8A        4         0
                reset_vec                             0        0        4         0
                text20                              CE6      CE6       1A         0
                text19                              C34      C34       2E         0
                text18                              D56      D56        8         0
                text17                              CCC      CCC       1A         0
                text16                              C06      C06       2E         0
                text15                              D4E      D4E        8         0
                text14                              CB2      CB2       1A         0
                text13                              BD8      BD8       2E         0
                text12                              D46      D46        8         0
                text10                              D3C      D3C        A         0
                text9                               D32      D32        A         0
                text8                               D28      D28        A         0
                text7                               BA0      BA0       38         0
                text6                               D5E      D5E        4         0
                text5                               D16      D16       12         0
                text4                               B5C      B5C       44         0
                text3                               C8A      C8A       28         0
                text2                               D00      D00       16         0
                text1                               A9A      A9A       C2         0
                text0                               812      812      288         0
                cinit                               C62      C62       28         0
                idataCOMRAM                         D62      D62        1         0

        CLASS   CONST          

        CLASS   SMALLCONST     
                smallconst                          800      800       12         0

        CLASS   MEDIUMCONST    

        CLASS   COMRAM         
                temp                                 16       16        1         1
                cstackCOMRAM                          9        9        8         1
                dataCOMRAM                           15       15        1         1
                bssCOMRAM                            11       11        4         1
                nvCOMRAM                              1        1        8         1

        CLASS   ABS1           

        CLASS   BIGRAM         

        CLASS   RAM            

        CLASS   BANK0          

        CLASS   BANK1          

        CLASS   BANK2          

        CLASS   BANK3          

        CLASS   BANK4          

        CLASS   BANK5          

        CLASS   BANK6          

        CLASS   BANK7          

        CLASS   SFR            

        CLASS   CONFIG         
                config                           300000   300000        E         4

        CLASS   IDLOC          
                idloc                            200000   200000        8         5

        CLASS   EEDATA         

        CLASS   FARRAM         



SEGMENTS        Name                           Load    Length   Top    Selector   Space  Class

                reset_vec                      000000  000004  000004         0       0  CODE    
                nvCOMRAM                       000001  000016  000017         1       1  COMRAM  
                intcode                        000008  000086  00008E         4       0  CODE    
                smallconst                     000800  000012  000812       400       0  SMALLCON
                text0                          000812  000551  000D63       409       0  CODE    


UNUSED ADDRESS RANGES

        Name                Unused          Largest block    Delta
        BANK0            000060-0000FF               A0
        BANK1            000100-0001FF              100
        BANK2            000200-0002FF              100
        BANK3            000300-0003FF              100
        BANK4            000400-0004FF              100
        BANK5            000500-0005FF              100
        BANK6            000600-0006FF              100
        BANK7            000700-0007FF              100
        BIGRAM           000017-0007FF              7E9
        CODE             000004-000007                4
                         00008E-0007FF              772
                         000D63-007FFF             729D
        COMRAM           000017-00005F               49
        CONST            000004-000007                4
                         00008E-0007FF              772
                         000D63-007FFF             729D
        EEDATA           F00000-F000FF              100
        MEDIUMCONST      000D63-007FFF             729D
        RAM              000060-0007FF              100
        SFR              000F53-000FFF                D
        SMALLCONST       000D63-007FFF              100
        STACK            000060-0007FF              7A0

                                  Symbol Table

INT0_SetInterruptHandler@InterruptHandler cstackCOMRAM 00000B
INT1_SetInterruptHandler@InterruptHandler cstackCOMRAM 00000B
INT2_SetInterruptHandler@InterruptHandler cstackCOMRAM 00000B
_ACTCON                                   (abs)        000FB5
_ANSELA                                   (abs)        000F5B
_ANSELB                                   (abs)        000F5C
_ANSELC                                   (abs)        000F5D
_ANSELD                                   (abs)        000F5E
_ANSELE                                   (abs)        000F5F
_EXT_INT_Initialize                       text7        000BA0
_INT0_CallBack                            text19       000C34
_INT0_DefaultInterruptHandler             text20       000CE6
_INT0_ISR                                 text18       000D56
_INT0_InterruptHandler                    nvCOMRAM     000005
_INT0_SetInterruptHandler                 text10       000D3C
_INT1_CallBack                            text16       000C06
_INT1_DefaultInterruptHandler             text17       000CCC
_INT1_ISR                                 text15       000D4E
_INT1_InterruptHandler                    nvCOMRAM     000003
_INT1_SetInterruptHandler                 text9        000D32
_INT2_CallBack                            text13       000BD8
_INT2_DefaultInterruptHandler             text14       000CB2
_INT2_ISR                                 text12       000D46
_INT2_InterruptHandler                    nvCOMRAM     000001
_INT2_SetInterruptHandler                 text8        000D28
_INTCON2bits                              (abs)        000FF1
_INTCON3bits                              (abs)        000FF0
_INTCONbits                               (abs)        000FF2
_INTERRUPT_Initialize                     text6        000D5E
_INTERRUPT_InterruptManager               intcode      000008
_LATA                                     (abs)        000F89
_LATB                                     (abs)        000F8A
_LATC                                     (abs)        000F8B
_LATCbits                                 (abs)        000F8B
_LATD                                     (abs)        000F8C
_LATE                                     (abs)        000F8D
_OSCCON                                   (abs)        000FD3
_OSCCON2                                  (abs)        000FD2
_OSCILLATOR_Initialize                    text5        000D16
_OSCTUNE                                  (abs)        000F9B
_PIN_MANAGER_Initialize                   text4        000B5C
_PORTA                                    (abs)        000F80
_PORTB                                    (abs)        000F81
_PORTD                                    (abs)        000F83
_PORTE                                    (abs)        000F84
_RCONbits                                 (abs)        000FD0
_SYSTEM_Initialize                        text2        000D00
_T0CON                                    (abs)        000FD5
_T0CONbits                                (abs)        000FD5
_TMR0H                                    (abs)        000FD7
_TMR0L                                    (abs)        000FD6
_TMR0_Initialize                          text3        000C8A
_TRISA                                    (abs)        000F92
_TRISB                                    (abs)        000F93
_TRISC                                    (abs)        000F94
_TRISD                                    (abs)        000F95
_TRISE                                    (abs)        000F96
_WPUB                                     (abs)        000F85
__HRAM                                    (abs)        000000
__Habs1                                   abs1         000000
__Hbank0                                  bank0        000000
__Hbank1                                  bank1        000000
__Hbank2                                  bank2        000000
__Hbank3                                  bank3        000000
__Hbank4                                  bank4        000000
__Hbank5                                  bank5        000000
__Hbank6                                  bank6        000000
__Hbank7                                  bank7        000000
__Hbigbss                                 bigbss       000000
__Hbigdata                                bigdata      000000
__Hbigram                                 bigram       000000
__Hbss                                    bss          000000
__HbssCOMRAM                              bssCOMRAM    000000
__Hcinit                                  cinit        000000
__Hclrtext                                clrtext      000000
__Hcomram                                 comram       000000
__Hconfig                                 config       30000E
__Hconst                                  const        000000
__HcstackCOMRAM                           cstackCOMRAM 000000
__Hdata                                   data         000000
__HdataCOMRAM                             dataCOMRAM   000000
__Heeprom_data                            eeprom_data  000000
__Hfarbss                                 farbss       000000
__Hfardata                                fardata      000000
__Hibigdata                               ibigdata     000000
__Hidata                                  idata        000000
__HidataCOMRAM                            idataCOMRAM  000000
__Hidloc                                  idloc        200008
__Hifardata                               ifardata     000000
__Hinit                                   init         00008E
__Hintcode                                intcode      00008A
__Hintcode_body                           intcode_body 000000
__Hintcodelo                              intcodelo    00008A
__Hintentry                               intentry     000000
__Hintret                                 intret       000000
__Hintsave_regs                           intsave_regs 000000
__Hirdata                                 irdata       000000
__Hmediumconst                            mediumconst  000000
__HnvCOMRAM                               nvCOMRAM     000000
__HnvFARRAM                               nvFARRAM     000000
__Hnvbit                                  nvbit        000000
__Hnvrram                                 nvrram       000000
__Hparam                                  rparam       000000
__Hpowerup                                powerup      00008A
__Hram                                    ram          000000
__Hramtop                                 ramtop       000800
__Hrbit                                   rbit         000000
__Hrbss                                   rbss         000000
__Hrdata                                  rdata        000000
__Hreset_vec                              reset_vec    000004
__Hrparam                                 rparam       000000
__Hsfr                                    sfr          000000
__Hsmallconst                             smallconst   000812
__Hspace_0                                (abs)        000D63
__Hspace_1                                (abs)        000017
__Hspace_2                                (abs)        000000
__Hspace_4                                (abs)        60000E
__Hstack                                  stack        000000
__Hstruct                                 struct       000000
__Htemp                                   temp         000017
__Htext                                   text         000000
__Htext0                                  text0        000000
__Htext1                                  text1        000000
__Htext10                                 text10       000000
__Htext12                                 text12       000000
__Htext13                                 text13       000000
__Htext14                                 text14       000000
__Htext15                                 text15       000000
__Htext16                                 text16       000000
__Htext17                                 text17       000000
__Htext18                                 text18       000000
__Htext19                                 text19       000000
__Htext2                                  text2        000000
__Htext20                                 text20       000000
__Htext21                                 text21       000000
__Htext3                                  text3        000000
__Htext4                                  text4        000000
__Htext5                                  text5        000000
__Htext6                                  text6        000000
__Htext7                                  text7        000000
__Htext8                                  text8        000000
__Htext9                                  text9        000000
__LRAM                                    (abs)        000001
__Labs1                                   abs1         000000
__Lbank0                                  bank0        000000
__Lbank1                                  bank1        000000
__Lbank2                                  bank2        000000
__Lbank3                                  bank3        000000
__Lbank4                                  bank4        000000
__Lbank5                                  bank5        000000
__Lbank6                                  bank6        000000
__Lbank7                                  bank7        000000
__Lbigbss                                 bigbss       000000
__Lbigdata                                bigdata      000000
__Lbigram                                 bigram       000000
__Lbss                                    bss          000000
__LbssCOMRAM                              bssCOMRAM    000000
__Lcinit                                  cinit        000000
__Lclrtext                                clrtext      000000
__Lcomram                                 comram       000000
__Lconfig                                 config       000000
__Lconst                                  const        000000
__LcstackCOMRAM                           cstackCOMRAM 000000
__Ldata                                   data         000000
__LdataCOMRAM                             dataCOMRAM   000000
__Leeprom_data                            eeprom_data  000000
__Lfarbss                                 farbss       000000
__Lfardata                                fardata      000000
__Libigdata                               ibigdata     000000
__Lidata                                  idata        000000
__LidataCOMRAM                            idataCOMRAM  000000
__Lidloc                                  idloc        000000
__Lifardata                               ifardata     000000
__Linit                                   init         00008A
__Lintcode                                intcode      000008
__Lintcode_body                           intcode_body 000000
__Lintcodelo                              intcodelo    00008A
__Lintentry                               intentry     000000
__Lintret                                 intret       000000
__Lintsave_regs                           intsave_regs 000000
__Lirdata                                 irdata       000000
__Lmediumconst                            mediumconst  000000
__LnvCOMRAM                               nvCOMRAM     000000
__LnvFARRAM                               nvFARRAM     000000
__Lnvbit                                  nvbit        000000
__Lnvrram                                 nvrram       000000
__Lparam                                  rparam       000000
__Lpowerup                                powerup      00008A
__Lram                                    ram          000000
__Lramtop                                 ramtop       000800
__Lrbit                                   rbit         000000
__Lrbss                                   rbss         000000
__Lrdata                                  rdata        000000
__Lreset_vec                              reset_vec    000000
__Lrparam                                 rparam       000000
__Lsfr                                    sfr          000000
__Lsmallconst                             smallconst   000800
__Lspace_0                                (abs)        000000
__Lspace_1                                (abs)        000000
__Lspace_2                                (abs)        000000
__Lspace_4                                (abs)        000000
__Lstack                                  stack        000000
__Lstruct                                 struct       000000
__Ltemp                                   temp         000016
__Ltext                                   text         000000
__Ltext0                                  text0        000000
__Ltext1                                  text1        000000
__Ltext10                                 text10       000000
__Ltext12                                 text12       000000
__Ltext13                                 text13       000000
__Ltext14                                 text14       000000
__Ltext15                                 text15       000000
__Ltext16                                 text16       000000
__Ltext17                                 text17       000000
__Ltext18                                 text18       000000
__Ltext19                                 text19       000000
__Ltext2                                  text2        000000
__Ltext20                                 text20       000000
__Ltext21                                 text21       000000
__Ltext3                                  text3        000000
__Ltext4                                  text4        000000
__Ltext5                                  text5        000000
__Ltext6                                  text6        000000
__Ltext7                                  text7        000000
__Ltext8                                  text8        000000
__Ltext9                                  text9        000000
__S0                                      (abs)        000D63
__S1                                      (abs)        000017
__S2                                      (abs)        000000
__S4                                      (abs)        000000
__S5                                      (abs)        000000
___inthi_sp                               stack        000000
___intlo_sp                               stack        000000
___param_bank                             (abs)        000000
___rparam_used                            (abs)        000001
___sp                                     stack        000000
__accesstop                               (abs)        000060
__activetblptr                            (abs)        000002
__end_of_EXT_INT_Initialize               text7        000BD8
__end_of_INT0_CallBack                    text19       000C62
__end_of_INT0_DefaultInterruptHandler     text20       000D00
__end_of_INT0_ISR                         text18       000D5E
__end_of_INT0_SetInterruptHandler         text10       000D46
__end_of_INT1_CallBack                    text16       000C34
__end_of_INT1_DefaultInterruptHandler     text17       000CE6
__end_of_INT1_ISR                         text15       000D56
__end_of_INT1_SetInterruptHandler         text9        000D3C
__end_of_INT2_CallBack                    text13       000C06
__end_of_INT2_DefaultInterruptHandler     text14       000CCC
__end_of_INT2_ISR                         text12       000D4E
__end_of_INT2_SetInterruptHandler         text8        000D32
__end_of_INTERRUPT_Initialize             text6        000D62
__end_of_INTERRUPT_InterruptManager       intcode      00008A
__end_of_OSCILLATOR_Initialize            text5        000D28
__end_of_PIN_MANAGER_Initialize           text4        000BA0
__end_of_SYSTEM_Initialize                text2        000D16
__end_of_TMR0_Initialize                  text3        000CB2
__end_of__initialization                  cinit        000C7C
__end_of_display                          text1        000B5C
__end_of_keypad                           smallconst   00080D
__end_of_main                             text0        000A9A
__end_of_password_first                   smallconst   000811
__end_of_password_fourth                  smallconst   00080E
__end_of_password_second                  smallconst   000810
__end_of_password_third                   smallconst   00080F
__initialization                          cinit        000C62
__mediumconst                             mediumconst  000000
__pbssCOMRAM                              bssCOMRAM    000011
__pcinit                                  cinit        000C62
__pcstackCOMRAM                           cstackCOMRAM 000009
__pdataCOMRAM                             dataCOMRAM   000015
__pidataCOMRAM                            idataCOMRAM  000D62
__pintcode                                intcode      000008
__pnvCOMRAM                               nvCOMRAM     000001
__psmallconst                             smallconst   000800
__ptext0                                  text0        000812
__ptext1                                  text1        000A9A
__ptext10                                 text10       000D3C
__ptext12                                 text12       000D46
__ptext13                                 text13       000BD8
__ptext14                                 text14       000CB2
__ptext15                                 text15       000D4E
__ptext16                                 text16       000C06
__ptext17                                 text17       000CCC
__ptext18                                 text18       000D56
__ptext19                                 text19       000C34
__ptext2                                  text2        000D00
__ptext20                                 text20       000CE6
__ptext21                                 text21       000000
__ptext3                                  text3        000C8A
__ptext4                                  text4        000B5C
__ptext5                                  text5        000D16
__ptext6                                  text6        000D5E
__ptext7                                  text7        000BA0
__ptext8                                  text8        000D28
__ptext9                                  text9        000D32
__ramtop                                  ramtop       000800
__size_of_EXT_INT_Initialize              (abs)        000000
__size_of_INT0_CallBack                   (abs)        000000
__size_of_INT0_DefaultInterruptHandler    (abs)        000000
__size_of_INT0_ISR                        (abs)        000000
__size_of_INT0_SetInterruptHandler        (abs)        000000
__size_of_INT1_CallBack                   (abs)        000000
__size_of_INT1_DefaultInterruptHandler    (abs)        000000
__size_of_INT1_ISR                        (abs)        000000
__size_of_INT1_SetInterruptHandler        (abs)        000000
__size_of_INT2_CallBack                   (abs)        000000
__size_of_INT2_DefaultInterruptHandler    (abs)        000000
__size_of_INT2_ISR                        (abs)        000000
__size_of_INT2_SetInterruptHandler        (abs)        000000
__size_of_INTERRUPT_Initialize            (abs)        000000
__size_of_INTERRUPT_InterruptManager      (abs)        000000
__size_of_OSCILLATOR_Initialize           (abs)        000000
__size_of_PIN_MANAGER_Initialize          (abs)        000000
__size_of_SYSTEM_Initialize               (abs)        000000
__size_of_TMR0_Initialize                 (abs)        000000
__size_of_display                         (abs)        000000
__size_of_main                            (abs)        000000
__smallconst                              smallconst   000800
_button_pressed                           bssCOMRAM    000011
_col                                      bssCOMRAM    000013
_correct_password                         dataCOMRAM   000015
_count                                    bssCOMRAM    000012
_display                                  text1        000A9A
_keypad                                   smallconst   000801
_main                                     text0        000812
_row                                      bssCOMRAM    000014
_timer0ReloadVal                          nvCOMRAM     000007
btemp                                     temp         000016
display@num                               cstackCOMRAM 00000B
end_of_initialization                     cinit        000C7C
int$flags                                 temp         000016
intlevel0                                 text         000000
intlevel1                                 text         000000
intlevel2                                 text         000000
intlevel3                                 text         000000
stackhi                                   (abs)        0007FF
stacklo                                   (abs)        000060
start                                     init         00008A
start_initialization                      cinit        000C62
ttemp5                                    temp         000017
ttemp6                                    temp         00001A
ttemp7                                    temp         00001E
wtemp8                                    temp         000017


FUNCTION INFORMATION:

 *************** function _main *****************
 Defined at:
		line 88 in file "main.c"
 Parameters:    Size  Location     Type
		None
 Auto vars:     Size  Location     Type
		None
 Return value:  Size  Location     Type
                  1    wreg      void 
 Registers used:
		wreg, status,2, status,0, tblptrl, tblptrh, tblptru, prodl, prodh, cstack
 Tracked objects:
		On entry : 
		On exit  : 
		Unchanged: 
 Data sizes:     COMRAM   BANK0   BANK1   BANK2   BANK3   BANK4   BANK5   BANK6   BANK7
      Params:         0       0       0       0       0       0       0       0       0
      Locals:         0       0       0       0       0       0       0       0       0
      Temps:          2       0       0       0       0       0       0       0       0
      Totals:         2       0       0       0       0       0       0       0       0
Total ram usage:        2 bytes
 Hardware stack levels required when called:    7
 This function calls:
		_SYSTEM_Initialize
		_display
 This function is called by:
		Startup code after reset
 This function uses a non-reentrant model


 *************** function _display *****************
 Defined at:
		line 50 in file "main.c"
 Parameters:    Size  Location     Type
  num             2    2[COMRAM] int 
 Auto vars:     Size  Location     Type
		None
 Return value:  Size  Location     Type
                  1    wreg      void 
 Registers used:
		wreg, status,2, status,0
 Tracked objects:
		On entry : 
		On exit  : 
		Unchanged: 
 Data sizes:     COMRAM   BANK0   BANK1   BANK2   BANK3   BANK4   BANK5   BANK6   BANK7
      Params:         2       0       0       0       0       0       0       0       0
      Locals:         0       0       0       0       0       0       0       0       0
      Temps:          2       0       0       0       0       0       0       0       0
      Totals:         4       0       0       0       0       0       0       0       0
Total ram usage:        4 bytes
 Hardware stack levels used:    1
 Hardware stack levels required when called:    4
 This function calls:
		Nothing
 This function is called by:
		_main
 This function uses a non-reentrant model


 *************** function _SYSTEM_Initialize *****************
 Defined at:
		line 50 in file "mcc_generated_files/mcc.c"
 Parameters:    Size  Location     Type
		None
 Auto vars:     Size  Location     Type
		None
 Return value:  Size  Location     Type
                  1    wreg      void 
 Registers used:
		wreg, status,2, status,0, cstack
 Tracked objects:
		On entry : 
		On exit  : 
		Unchanged: 
 Data sizes:     COMRAM   BANK0   BANK1   BANK2   BANK3   BANK4   BANK5   BANK6   BANK7
      Params:         0       0       0       0       0       0       0       0       0
      Locals:         0       0       0       0       0       0       0       0       0
      Temps:          0       0       0       0       0       0       0       0       0
      Totals:         0       0       0       0       0       0       0       0       0
Total ram usage:        0 bytes
 Hardware stack levels used:    1
 Hardware stack levels required when called:    6
 This function calls:
		_EXT_INT_Initialize
		_INTERRUPT_Initialize
		_OSCILLATOR_Initialize
		_PIN_MANAGER_Initialize
		_TMR0_Initialize
 This function is called by:
		_main
 This function uses a non-reentrant model


 *************** function _TMR0_Initialize *****************
 Defined at:
		line 66 in file "mcc_generated_files/tmr0.c"
 Parameters:    Size  Location     Type
		None
 Auto vars:     Size  Location     Type
		None
 Return value:  Size  Location     Type
                  1    wreg      void 
 Registers used:
		wreg, status,2, status,0
 Tracked objects:
		On entry : 
		On exit  : 
		Unchanged: 
 Data sizes:     COMRAM   BANK0   BANK1   BANK2   BANK3   BANK4   BANK5   BANK6   BANK7
      Params:         0       0       0       0       0       0       0       0       0
      Locals:         0       0       0       0       0       0       0       0       0
      Temps:          2       0       0       0       0       0       0       0       0
      Totals:         2       0       0       0       0       0       0       0       0
Total ram usage:        2 bytes
 Hardware stack levels used:    1
 Hardware stack levels required when called:    4
 This function calls:
		Nothing
 This function is called by:
		_SYSTEM_Initialize
 This function uses a non-reentrant model


 *************** function _PIN_MANAGER_Initialize *****************
 Defined at:
		line 55 in file "mcc_generated_files/pin_manager.c"
 Parameters:    Size  Location     Type
		None
 Auto vars:     Size  Location     Type
		None
 Return value:  Size  Location     Type
                  1    wreg      void 
 Registers used:
		wreg, status,2
 Tracked objects:
		On entry : 
		On exit  : 
		Unchanged: 
 Data sizes:     COMRAM   BANK0   BANK1   BANK2   BANK3   BANK4   BANK5   BANK6   BANK7
      Params:         0       0       0       0       0       0       0       0       0
      Locals:         0       0       0       0       0       0       0       0       0
      Temps:          0       0       0       0       0       0       0       0       0
      Totals:         0       0       0       0       0       0       0       0       0
Total ram usage:        0 bytes
 Hardware stack levels used:    1
 Hardware stack levels required when called:    4
 This function calls:
		Nothing
 This function is called by:
		_SYSTEM_Initialize
 This function uses a non-reentrant model


 *************** function _OSCILLATOR_Initialize *****************
 Defined at:
		line 60 in file "mcc_generated_files/mcc.c"
 Parameters:    Size  Location     Type
		None
 Auto vars:     Size  Location     Type
		None
 Return value:  Size  Location     Type
                  1    wreg      void 
 Registers used:
		wreg, status,2
 Tracked objects:
		On entry : 
		On exit  : 
		Unchanged: 
 Data sizes:     COMRAM   BANK0   BANK1   BANK2   BANK3   BANK4   BANK5   BANK6   BANK7
      Params:         0       0       0       0       0       0       0       0       0
      Locals:         0       0       0       0       0       0       0       0       0
      Temps:          0       0       0       0       0       0       0       0       0
      Totals:         0       0       0       0       0       0       0       0       0
Total ram usage:        0 bytes
 Hardware stack levels used:    1
 Hardware stack levels required when called:    4
 This function calls:
		Nothing
 This function is called by:
		_SYSTEM_Initialize
 This function uses a non-reentrant model


 *************** function _INTERRUPT_Initialize *****************
 Defined at:
		line 52 in file "mcc_generated_files/interrupt_manager.c"
 Parameters:    Size  Location     Type
		None
 Auto vars:     Size  Location     Type
		None
 Return value:  Size  Location     Type
                  1    wreg      void 
 Registers used:
		None
 Tracked objects:
		On entry : 
		On exit  : 
		Unchanged: 
 Data sizes:     COMRAM   BANK0   BANK1   BANK2   BANK3   BANK4   BANK5   BANK6   BANK7
      Params:         0       0       0       0       0       0       0       0       0
      Locals:         0       0       0       0       0       0       0       0       0
      Temps:          0       0       0       0       0       0       0       0       0
      Totals:         0       0       0       0       0       0       0       0       0
Total ram usage:        0 bytes
 Hardware stack levels used:    1
 Hardware stack levels required when called:    4
 This function calls:
		Nothing
 This function is called by:
		_SYSTEM_Initialize
 This function uses a non-reentrant model


 *************** function _EXT_INT_Initialize *****************
 Defined at:
		line 130 in file "mcc_generated_files/ext_int.c"
 Parameters:    Size  Location     Type
		None
 Auto vars:     Size  Location     Type
		None
 Return value:  Size  Location     Type
                  1    wreg      void 
 Registers used:
		wreg, status,2, status,0, cstack
 Tracked objects:
		On entry : 
		On exit  : 
		Unchanged: 
 Data sizes:     COMRAM   BANK0   BANK1   BANK2   BANK3   BANK4   BANK5   BANK6   BANK7
      Params:         0       0       0       0       0       0       0       0       0
      Locals:         0       0       0       0       0       0       0       0       0
      Temps:          0       0       0       0       0       0       0       0       0
      Totals:         0       0       0       0       0       0       0       0       0
Total ram usage:        0 bytes
 Hardware stack levels used:    1
 Hardware stack levels required when called:    5
 This function calls:
		_INT0_SetInterruptHandler
		_INT1_SetInterruptHandler
		_INT2_SetInterruptHandler
 This function is called by:
		_SYSTEM_Initialize
 This function uses a non-reentrant model


 *************** function _INT2_SetInterruptHandler *****************
 Defined at:
		line 116 in file "mcc_generated_files/ext_int.c"
 Parameters:    Size  Location     Type
  InterruptHan    2    2[COMRAM] PTR FTN()void 
		 -> INT2_DefaultInterruptHandler(1), 
 Auto vars:     Size  Location     Type
		None
 Return value:  Size  Location     Type
                  1    wreg      void 
 Registers used:
		wreg, status,2, status,0
 Tracked objects:
		On entry : 
		On exit  : 
		Unchanged: 
 Data sizes:     COMRAM   BANK0   BANK1   BANK2   BANK3   BANK4   BANK5   BANK6   BANK7
      Params:         2       0       0       0       0       0       0       0       0
      Locals:         0       0       0       0       0       0       0       0       0
      Temps:          0       0       0       0       0       0       0       0       0
      Totals:         2       0       0       0       0       0       0       0       0
Total ram usage:        2 bytes
 Hardware stack levels used:    1
 Hardware stack levels required when called:    4
 This function calls:
		Nothing
 This function is called by:
		_EXT_INT_Initialize
 This function uses a non-reentrant model


 *************** function _INT1_SetInterruptHandler *****************
 Defined at:
		line 85 in file "mcc_generated_files/ext_int.c"
 Parameters:    Size  Location     Type
  InterruptHan    2    2[COMRAM] PTR FTN()void 
		 -> INT1_DefaultInterruptHandler(1), 
 Auto vars:     Size  Location     Type
		None
 Return value:  Size  Location     Type
                  1    wreg      void 
 Registers used:
		wreg, status,2, status,0
 Tracked objects:
		On entry : 
		On exit  : 
		Unchanged: 
 Data sizes:     COMRAM   BANK0   BANK1   BANK2   BANK3   BANK4   BANK5   BANK6   BANK7
      Params:         2       0       0       0       0       0       0       0       0
      Locals:         0       0       0       0       0       0       0       0       0
      Temps:          0       0       0       0       0       0       0       0       0
      Totals:         2       0       0       0       0       0       0       0       0
Total ram usage:        2 bytes
 Hardware stack levels used:    1
 Hardware stack levels required when called:    4
 This function calls:
		Nothing
 This function is called by:
		_EXT_INT_Initialize
 This function uses a non-reentrant model


 *************** function _INT0_SetInterruptHandler *****************
 Defined at:
		line 54 in file "mcc_generated_files/ext_int.c"
 Parameters:    Size  Location     Type
  InterruptHan    2    2[COMRAM] PTR FTN()void 
		 -> INT0_DefaultInterruptHandler(1), 
 Auto vars:     Size  Location     Type
		None
 Return value:  Size  Location     Type
                  1    wreg      void 
 Registers used:
		wreg, status,2, status,0
 Tracked objects:
		On entry : 
		On exit  : 
		Unchanged: 
 Data sizes:     COMRAM   BANK0   BANK1   BANK2   BANK3   BANK4   BANK5   BANK6   BANK7
      Params:         2       0       0       0       0       0       0       0       0
      Locals:         0       0       0       0       0       0       0       0       0
      Temps:          0       0       0       0       0       0       0       0       0
      Totals:         2       0       0       0       0       0       0       0       0
Total ram usage:        2 bytes
 Hardware stack levels used:    1
 Hardware stack levels required when called:    4
 This function calls:
		Nothing
 This function is called by:
		_EXT_INT_Initialize
 This function uses a non-reentrant model


 *************** function _INTERRUPT_InterruptManager *****************
 Defined at:
		line 58 in file "mcc_generated_files/interrupt_manager.c"
 Parameters:    Size  Location     Type
		None
 Auto vars:     Size  Location     Type
		None
 Return value:  Size  Location     Type
                  1    wreg      void 
 Registers used:
		wreg, status,2, status,0, pclath, tosl, cstack
 Tracked objects:
		On entry : 
		On exit  : 
		Unchanged: 
 Data sizes:     COMRAM   BANK0   BANK1   BANK2   BANK3   BANK4   BANK5   BANK6   BANK7
      Params:         0       0       0       0       0       0       0       0       0
      Locals:         0       0       0       0       0       0       0       0       0
      Temps:          2       0       0       0       0       0       0       0       0
      Totals:         2       0       0       0       0       0       0       0       0
Total ram usage:        2 bytes
 Hardware stack levels used:    1
 Hardware stack levels required when called:    3
 This function calls:
		_INT0_ISR
		_INT1_ISR
		_INT2_ISR
 This function is called by:
		Interrupt level 2
 This function uses a non-reentrant model


 *************** function _INT2_ISR *****************
 Defined at:
		line 98 in file "mcc_generated_files/ext_int.c"
 Parameters:    Size  Location     Type
		None
 Auto vars:     Size  Location     Type
		None
 Return value:  Size  Location     Type
                  1    wreg      void 
 Registers used:
		wreg, status,2, status,0, pclath, tosl, cstack
 Tracked objects:
		On entry : 
		On exit  : 
		Unchanged: 
 Data sizes:     COMRAM   BANK0   BANK1   BANK2   BANK3   BANK4   BANK5   BANK6   BANK7
      Params:         0       0       0       0       0       0       0       0       0
      Locals:         0       0       0       0       0       0       0       0       0
      Temps:          0       0       0       0       0       0       0       0       0
      Totals:         0       0       0       0       0       0       0       0       0
Total ram usage:        0 bytes
 Hardware stack levels used:    1
 Hardware stack levels required when called:    2
 This function calls:
		_INT2_CallBack
 This function is called by:
		_INTERRUPT_InterruptManager
 This function uses a non-reentrant model


 *************** function _INT2_CallBack *****************
 Defined at:
		line 107 in file "mcc_generated_files/ext_int.c"
 Parameters:    Size  Location     Type
		None
 Auto vars:     Size  Location     Type
		None
 Return value:  Size  Location     Type
                  1    wreg      void 
 Registers used:
		wreg, status,2, status,0, pclath, tosl, cstack
 Tracked objects:
		On entry : 
		On exit  : 
		Unchanged: 
 Data sizes:     COMRAM   BANK0   BANK1   BANK2   BANK3   BANK4   BANK5   BANK6   BANK7
      Params:         0       0       0       0       0       0       0       0       0
      Locals:         0       0       0       0       0       0       0       0       0
      Temps:          0       0       0       0       0       0       0       0       0
      Totals:         0       0       0       0       0       0       0       0       0
Total ram usage:        0 bytes
 Hardware stack levels used:    1
 Hardware stack levels required when called:    1
 This function calls:
		Absolute function
		_INT2_DefaultInterruptHandler
 This function is called by:
		_INT2_ISR
 This function uses a non-reentrant model


 *************** function _INT2_DefaultInterruptHandler *****************
 Defined at:
		line 120 in file "mcc_generated_files/ext_int.c"
 Parameters:    Size  Location     Type
		None
 Auto vars:     Size  Location     Type
		None
 Return value:  Size  Location     Type
                  1    wreg      void 
 Registers used:
		wreg, status,2
 Tracked objects:
		On entry : 
		On exit  : 
		Unchanged: 
 Data sizes:     COMRAM   BANK0   BANK1   BANK2   BANK3   BANK4   BANK5   BANK6   BANK7
      Params:         0       0       0       0       0       0       0       0       0
      Locals:         0       0       0       0       0       0       0       0       0
      Temps:          0       0       0       0       0       0       0       0       0
      Totals:         0       0       0       0       0       0       0       0       0
Total ram usage:        0 bytes
 Hardware stack levels used:    1
 This function calls:
		Nothing
 This function is called by:
		_EXT_INT_Initialize
		_INT2_CallBack
 This function uses a non-reentrant model


 *************** function _INT1_ISR *****************
 Defined at:
		line 67 in file "mcc_generated_files/ext_int.c"
 Parameters:    Size  Location     Type
		None
 Auto vars:     Size  Location     Type
		None
 Return value:  Size  Location     Type
                  1    wreg      void 
 Registers used:
		wreg, status,2, status,0, pclath, tosl, cstack
 Tracked objects:
		On entry : 
		On exit  : 
		Unchanged: 
 Data sizes:     COMRAM   BANK0   BANK1   BANK2   BANK3   BANK4   BANK5   BANK6   BANK7
      Params:         0       0       0       0       0       0       0       0       0
      Locals:         0       0       0       0       0       0       0       0       0
      Temps:          0       0       0       0       0       0       0       0       0
      Totals:         0       0       0       0       0       0       0       0       0
Total ram usage:        0 bytes
 Hardware stack levels used:    1
 Hardware stack levels required when called:    2
 This function calls:
		_INT1_CallBack
 This function is called by:
		_INTERRUPT_InterruptManager
 This function uses a non-reentrant model


 *************** function _INT1_CallBack *****************
 Defined at:
		line 76 in file "mcc_generated_files/ext_int.c"
 Parameters:    Size  Location     Type
		None
 Auto vars:     Size  Location     Type
		None
 Return value:  Size  Location     Type
                  1    wreg      void 
 Registers used:
		wreg, status,2, status,0, pclath, tosl, cstack
 Tracked objects:
		On entry : 
		On exit  : 
		Unchanged: 
 Data sizes:     COMRAM   BANK0   BANK1   BANK2   BANK3   BANK4   BANK5   BANK6   BANK7
      Params:         0       0       0       0       0       0       0       0       0
      Locals:         0       0       0       0       0       0       0       0       0
      Temps:          0       0       0       0       0       0       0       0       0
      Totals:         0       0       0       0       0       0       0       0       0
Total ram usage:        0 bytes
 Hardware stack levels used:    1
 Hardware stack levels required when called:    1
 This function calls:
		Absolute function
		_INT1_DefaultInterruptHandler
 This function is called by:
		_INT1_ISR
 This function uses a non-reentrant model


 *************** function _INT1_DefaultInterruptHandler *****************
 Defined at:
		line 89 in file "mcc_generated_files/ext_int.c"
 Parameters:    Size  Location     Type
		None
 Auto vars:     Size  Location     Type
		None
 Return value:  Size  Location     Type
                  1    wreg      void 
 Registers used:
		wreg, status,2
 Tracked objects:
		On entry : 
		On exit  : 
		Unchanged: 
 Data sizes:     COMRAM   BANK0   BANK1   BANK2   BANK3   BANK4   BANK5   BANK6   BANK7
      Params:         0       0       0       0       0       0       0       0       0
      Locals:         0       0       0       0       0       0       0       0       0
      Temps:          0       0       0       0       0       0       0       0       0
      Totals:         0       0       0       0       0       0       0       0       0
Total ram usage:        0 bytes
 Hardware stack levels used:    1
 This function calls:
		Nothing
 This function is called by:
		_EXT_INT_Initialize
		_INT1_CallBack
 This function uses a non-reentrant model


 *************** function _INT0_ISR *****************
 Defined at:
		line 36 in file "mcc_generated_files/ext_int.c"
 Parameters:    Size  Location     Type
		None
 Auto vars:     Size  Location     Type
		None
 Return value:  Size  Location     Type
                  1    wreg      void 
 Registers used:
		wreg, status,2, status,0, pclath, tosl, cstack
 Tracked objects:
		On entry : 
		On exit  : 
		Unchanged: 
 Data sizes:     COMRAM   BANK0   BANK1   BANK2   BANK3   BANK4   BANK5   BANK6   BANK7
      Params:         0       0       0       0       0       0       0       0       0
      Locals:         0       0       0       0       0       0       0       0       0
      Temps:          0       0       0       0       0       0       0       0       0
      Totals:         0       0       0       0       0       0       0       0       0
Total ram usage:        0 bytes
 Hardware stack levels used:    1
 Hardware stack levels required when called:    2
 This function calls:
		_INT0_CallBack
 This function is called by:
		_INTERRUPT_InterruptManager
 This function uses a non-reentrant model


 *************** function _INT0_CallBack *****************
 Defined at:
		line 45 in file "mcc_generated_files/ext_int.c"
 Parameters:    Size  Location     Type
		None
 Auto vars:     Size  Location     Type
		None
 Return value:  Size  Location     Type
                  1    wreg      void 
 Registers used:
		wreg, status,2, status,0, pclath, tosl, cstack
 Tracked objects:
		On entry : 
		On exit  : 
		Unchanged: 
 Data sizes:     COMRAM   BANK0   BANK1   BANK2   BANK3   BANK4   BANK5   BANK6   BANK7
      Params:         0       0       0       0       0       0       0       0       0
      Locals:         0       0       0       0       0       0       0       0       0
      Temps:          0       0       0       0       0       0       0       0       0
      Totals:         0       0       0       0       0       0       0       0       0
Total ram usage:        0 bytes
 Hardware stack levels used:    1
 Hardware stack levels required when called:    1
 This function calls:
		Absolute function
		_INT0_DefaultInterruptHandler
 This function is called by:
		_INT0_ISR
 This function uses a non-reentrant model


 *************** function _INT0_DefaultInterruptHandler *****************
 Defined at:
		line 58 in file "mcc_generated_files/ext_int.c"
 Parameters:    Size  Location     Type
		None
 Auto vars:     Size  Location     Type
		None
 Return value:  Size  Location     Type
                  1    wreg      void 
 Registers used:
		wreg, status,2
 Tracked objects:
		On entry : 
		On exit  : 
		Unchanged: 
 Data sizes:     COMRAM   BANK0   BANK1   BANK2   BANK3   BANK4   BANK5   BANK6   BANK7
      Params:         0       0       0       0       0       0       0       0       0
      Locals:         0       0       0       0       0       0       0       0       0
      Temps:          0       0       0       0       0       0       0       0       0
      Totals:         0       0       0       0       0       0       0       0       0
Total ram usage:        0 bytes
 Hardware stack levels used:    1
 This function calls:
		Nothing
 This function is called by:
		_EXT_INT_Initialize
		_INT0_CallBack
 This function uses a non-reentrant model



MODULE INFORMATION

Module		Function		Class		Link	Load	Size
mcc_generated_files/interrupt_manager.c
		_INTERRUPT_Initialize		CODE           	0D5E	0000	4
		_INTERRUPT_InterruptManager		CODE           	0008	0000	130

mcc_generated_files/interrupt_manager.c estimated size: 134

mcc_generated_files/tmr0.c
		_TMR0_Initialize		CODE           	0C8A	0000	40

mcc_generated_files/tmr0.c estimated size: 40

mcc_generated_files/pin_manager.c
		_PIN_MANAGER_Initialize		CODE           	0B5C	0000	68

mcc_generated_files/pin_manager.c estimated size: 68

mcc_generated_files/ext_int.c
		_INT0_SetInterruptHandler		CODE           	0D3C	0000	10
		_INT1_SetInterruptHandler		CODE           	0D32	0000	10
		_EXT_INT_Initialize		CODE           	0BA0	0000	56
		_INT2_SetInterruptHandler		CODE           	0D28	0000	10
		_INT0_DefaultInterruptHandler		CODE           	0CE6	0000	26
		_INT0_CallBack 		CODE           	0C34	0000	46
		_INT1_DefaultInterruptHandler		CODE           	0CCC	0000	26
		_INT1_CallBack 		CODE           	0C06	0000	46
		_INT2_DefaultInterruptHandler		CODE           	0CB2	0000	26
		_INT2_CallBack 		CODE           	0BD8	0000	46
		_INT0_ISR      		CODE           	0D56	0000	8
		_INT1_ISR      		CODE           	0D4E	0000	8
		_INT2_ISR      		CODE           	0D46	0000	8

mcc_generated_files/ext_int.c estimated size: 326

shared
		_keypad        		SMALLCONST     	0801	0000	12
		__initialization		CODE           	0C62	0000	26
		_password_third		SMALLCONST     	0000	0000	0
		_password_first		SMALLCONST     	0000	0000	0
		_password_second		SMALLCONST     	0000	0000	0
		_password_fourth		SMALLCONST     	0000	0000	0

shared estimated size: 38

mcc_generated_files/mcc.c
		_OSCILLATOR_Initialize		CODE           	0D16	0000	18
		_SYSTEM_Initialize		CODE           	0D00	0000	22

mcc_generated_files/mcc.c estimated size: 40

main.c
		_display       		CODE           	0A9A	0000	194
		_main          		CODE           	0812	0000	648

main.c estimated size: 842

